{
  "user1": {
    "Steps": [
      {
        "Name": "Joining lobby",
        "Events": [
          {
            "EventName": "voteAnnounce",
            "Data": {
              "id": 0,
              "options": [
                {
                  "description": "Finish",
                  "id": 2
                },
                {
                  "description": "Continue",
                  "id": 3
                }
              ],
              "type": "finish"
            }
          }
        ]
      },
      {
        "Name": "Start swipes",
        "Events": []
      },
      {
        "Name": "Swipe both likes",
        "Events": [
          {
            "EventName": "voteAnnounce",
            "Data": {
              "card": {
                "address": "Кронверкский проспект, 27",
                "description": "Вкусная сырная шаверма и не только",
                "id": 5,
                "images": [
                  "https://avatars.mds.yandex.net/get-altay/9691438/2a0000018bc3142dd6dbd390b6c8ba5736de/XXXL"
                ],
                "location": {
                  "lat": 59.9615,
                  "lon": 30.3124
                },
                "priceAvg": 320,
                "reviewCount": 1000,
                "reviewRating": 4.5,
                "shortDescription": "Вкусная шаверма",
                "source": "manual",
                "tags": [
                  {
                    "icon": "cafe.png",
                    "id": 2,
                    "name": "cafe",
                    "order": 0,
                    "visible": true
                  },
                  {
                    "icon": "food.png",
                    "id": 4,
                    "name": "food",
                    "order": 0,
                    "visible": true
                  }
                ],
                "title": "Шавафель",
                "updatedAt": "2024-12-17T19:59:13.517617Z",
                "url": null
              },
              "id": 1,
              "options": [
                {
                  "description": "Like",
                  "id": 0
                },
                {
                  "description": "Dislike",
                  "id": 1
                }
              ],
              "type": "match"
            }
          }
        ]
      },
      {
        "Name": "Vote like and dislike",
        "Events": [
          {
            "EventName": "voted",
            "Data": {
              "User": {
                "avatar": "avatar2",
                "id": "id2",
                "name": "user2"
              },
              "optionId": 1,
              "voteId": 1
            }
          },
          {
            "EventName": "voted",
            "Data": {
              "User": {
                "avatar": "avatar1",
                "id": "id1",
                "name": "user1"
              },
              "optionId": 0,
              "voteId": 1
            }
          },
          {
            "EventName": "voteResult",
            "Data": {
              "optionId": 1,
              "voteId": 1
            }
          }
        ]
      },
      {
        "Name": "Vote finish",
        "Events": [
          {
            "EventName": "voted",
            "Data": {
              "User": {
                "avatar": "avatar2",
                "id": "id2",
                "name": "user2"
              },
              "optionId": 2,
              "voteId": 0
            }
          },
          {
            "EventName": "voted",
            "Data": {
              "User": {
                "avatar": "avatar1",
                "id": "id1",
                "name": "user1"
              },
              "optionId": 2,
              "voteId": 0
            }
          },
          {
            "EventName": "voteResult",
            "Data": {
              "optionId": 2,
              "voteId": 0
            }
          },
          {
            "EventName": "finish",
            "Data": {
              "matches": [
                {
                  "card": {
                    "address": "Кронверкский проспект, 27",
                    "description": "Вкусная сырная шаверма и не только",
                    "id": 5,
                    "images": [
                      "https://avatars.mds.yandex.net/get-altay/9691438/2a0000018bc3142dd6dbd390b6c8ba5736de/XXXL"
                    ],
                    "location": {
                      "lat": 59.9615,
                      "lon": 30.3124
                    },
                    "priceAvg": 320,
                    "reviewCount": 1000,
                    "reviewRating": 4.5,
                    "shortDescription": "Вкусная шаверма",
                    "source": "manual",
                    "tags": [
                      {
                        "icon": "cafe.png",
                        "id": 2,
                        "name": "cafe",
                        "order": 0,
                        "visible": true
                      },
                      {
                        "icon": "food.png",
                        "id": 4,
                        "name": "food",
                        "order": 0,
                        "visible": true
                      }
                    ],
                    "title": "Шавафель",
                    "updatedAt": "2024-12-17T19:59:13.517617Z",
                    "url": null
                  },
                  "id": 0
                }
              ],
              "result": {
                "address": "Кронверкский проспект, 27",
                "description": "Вкусная сырная шаверма и не только",
                "id": 5,
                "images": [
                  "https://avatars.mds.yandex.net/get-altay/9691438/2a0000018bc3142dd6dbd390b6c8ba5736de/XXXL"
                ],
                "location": {
                  "lat": 59.9615,
                  "lon": 30.3124
                },
                "priceAvg": 320,
                "reviewCount": 1000,
                "reviewRating": 4.5,
                "shortDescription": "Вкусная шаверма",
                "source": "manual",
                "tags": [
                  {
                    "icon": "cafe.png",
                    "id": 2,
                    "name": "cafe",
                    "order": 0,
                    "visible": true
                  },
                  {
                    "icon": "food.png",
                    "id": 4,
                    "name": "food",
                    "order": 0,
                    "visible": true
                  }
                ],
                "title": "Шавафель",
                "updatedAt": "2024-12-17T19:59:13.517617Z",
                "url": null
              }
            }
          }
        ]
      }
    ]
  },
  "user2": {
    "Steps": [
      {
        "Name": "Joining lobby",
        "Events": [
          {
            "EventName": "voteAnnounce",
            "Data": {
              "id": 0,
              "options": [
                {
                  "description": "Finish",
                  "id": 2
                },
                {
                  "description": "Continue",
                  "id": 3
                }
              ],
              "type": "finish"
            }
          }
        ]
      },
      {
        "Name": "Start swipes",
        "Events": []
      },
      {
        "Name": "Swipe both likes",
        "Events": [
          {
            "EventName": "voteAnnounce",
            "Data": {
              "card": {
                "address": "Кронверкский проспект, 27",
                "description": "Вкусная сырная шаверма и не только",
                "id": 5,
                "images": [
                  "https://avatars.mds.yandex.net/get-altay/9691438/2a0000018bc3142dd6dbd390b6c8ba5736de/XXXL"
                ],
                "location": {
                  "lat": 59.9615,
                  "lon": 30.3124
                },
                "priceAvg": 320,
                "reviewCount": 1000,
                "reviewRating": 4.5,
                "shortDescription": "Вкусная шаверма",
                "source": "manual",
                "tags": [
                  {
                    "icon": "cafe.png",
                    "id": 2,
                    "name": "cafe",
                    "order": 0,
                    "visible": true
                  },
                  {
                    "icon": "food.png",
                    "id": 4,
                    "name": "food",
                    "order": 0,
                    "visible": true
                  }
                ],
                "title": "Шавафель",
                "updatedAt": "2024-12-17T19:59:13.517617Z",
                "url": null
              },
              "id": 1,
              "options": [
                {
                  "description": "Like",
                  "id": 0
                },
                {
                  "description": "Dislike",
                  "id": 1
                }
              ],
              "type": "match"
            }
          }
        ]
      },
      {
        "Name": "Vote like and dislike",
        "Events": [
          {
            "EventName": "voted",
            "Data": {
              "User": {
                "avatar": "avatar2",
                "id": "id2",
                "name": "user2"
              },
              "optionId": 1,
              "voteId": 1
            }
          },
          {
            "EventName": "voted",
            "Data": {
              "User": {
                "avatar": "avatar1",
                "id": "id1",
                "name": "user1"
              },
              "optionId": 0,
              "voteId": 1
            }
          },
          {
            "EventName": "voteResult",
            "Data": {
              "optionId": 1,
              "voteId": 1
            }
          }
        ]
      },
      {
        "Name": "Vote finish",
        "Events": [
          {
            "EventName": "voted",
            "Data": {
              "User": {
                "avatar": "avatar2",
                "id": "id2",
                "name": "user2"
              },
              "optionId": 2,
              "voteId": 0
            }
          },
          {
            "EventName": "voted",
            "Data": {
              "User": {
                "avatar": "avatar1",
                "id": "id1",
                "name": "user1"
              },
              "optionId": 2,
              "voteId": 0
            }
          },
          {
            "EventName": "voteResult",
            "Data": {
              "optionId": 2,
              "voteId": 0
            }
          },
          {
            "EventName": "finish",
            "Data": {
              "matches": [
                {
                  "card": {
                    "address": "Кронверкский проспект, 27",
                    "description": "Вкусная сырная шаверма и не только",
                    "id": 5,
                    "images": [
                      "https://avatars.mds.yandex.net/get-altay/9691438/2a0000018bc3142dd6dbd390b6c8ba5736de/XXXL"
                    ],
                    "location": {
                      "lat": 59.9615,
                      "lon": 30.3124
                    },
                    "priceAvg": 320,
                    "reviewCount": 1000,
                    "reviewRating": 4.5,
                    "shortDescription": "Вкусная шаверма",
                    "source": "manual",
                    "tags": [
                      {
                        "icon": "cafe.png",
                        "id": 2,
                        "name": "cafe",
                        "order": 0,
                        "visible": true
                      },
                      {
                        "icon": "food.png",
                        "id": 4,
                        "name": "food",
                        "order": 0,
                        "visible": true
                      }
                    ],
                    "title": "Шавафель",
                    "updatedAt": "2024-12-17T19:59:13.517617Z",
                    "url": null
                  },
                  "id": 0
                }
              ],
              "result": {
                "address": "Кронверкский проспект, 27",
                "description": "Вкусная сырная шаверма и не только",
                "id": 5,
                "images": [
                  "https://avatars.mds.yandex.net/get-altay/9691438/2a0000018bc3142dd6dbd390b6c8ba5736de/XXXL"
                ],
                "location": {
                  "lat": 59.9615,
                  "lon": 30.3124
                },
                "priceAvg": 320,
                "reviewCount": 1000,
                "reviewRating": 4.5,
                "shortDescription": "Вкусная шаверма",
                "source": "manual",
                "tags": [
                  {
                    "icon": "cafe.png",
                    "id": 2,
                    "name": "cafe",
                    "order": 0,
                    "visible": true
                  },
                  {
                    "icon": "food.png",
                    "id": 4,
                    "name": "food",
                    "order": 0,
                    "visible": true
                  }
                ],
                "title": "Шавафель",
                "updatedAt": "2024-12-17T19:59:13.517617Z",
                "url": null
              }
            }
          }
        ]
      }
    ]
  }
}
