{
  "user1": {
    "Steps": [
      {
        "Name": "Joining lobby",
        "Events": [
          {
            "EventName": "voteAnnounce",
            "Data": {
              "id": 0,
              "options": [
                {
                  "description": "Finish",
                  "id": 2
                },
                {
                  "description": "Continue",
                  "id": 3
                }
              ],
              "type": "finish"
            }
          },
          {
            "EventName": "settingsUpdate",
            "Data": {
              "location": {
                "lat": 59.956363,
                "lon": 30.310011
              },
              "maxDistance": 4000,
              "priceMax": 1500,
              "priceMin": 900,
              "recommendation": null,
              "tags": [],
              "userId": ""
            }
          },
          {
            "EventName": "settingsUpdate",
            "Data": {
              "location": {
                "lat": 59.956363,
                "lon": 30.310011
              },
              "maxDistance": 4000,
              "priceMax": 300,
              "priceMin": 300,
              "recommendation": null,
              "tags": [
                4
              ],
              "userId": "id1"
            }
          }
        ]
      },
      {
        "Name": "Start swipes",
        "Events": []
      },
      {
        "Name": "Swipe dislike",
        "Events": []
      },
      {
        "Name": "Swipe like",
        "Events": [
          {
            "EventName": "voteAnnounce",
            "Data": {
              "card": {
                "address": "Сытнинская ул., 4П, Санкт-Петербург",
                "description": "«Пловная» — это ресторан узбекской кухни, расположенный недалеко от Сытного рынка на Петроградской стороне. По словам посетителей, это одно из лучших мест в городе для тех, кто хочет попробовать настоящий узбекский плов.",
                "id": 1,
                "images": [
                  "https://avatars.mds.yandex.net/get-altay/10814540/2a0000018b5c49e5aa64362e66f0e493e1a9/XXXL"
                ],
                "location": {
                  "lat": 59.9505,
                  "lon": 30.2956
                },
                "priceAvg": 450,
                "reviewCount": 1000,
                "reviewRating": 4.5,
                "shortDescription": "Ресторан узбекской кухни",
                "source": "manual",
                "tags": [
                  {
                    "icon": "cafe.png",
                    "id": 2,
                    "name": "cafe",
                    "order": 0,
                    "visible": true
                  },
                  {
                    "icon": "food.png",
                    "id": 4,
                    "name": "food",
                    "order": 0,
                    "visible": true
                  }
                ],
                "title": "Пловная",
                "updatedAt": "2025-01-19T22:53:21.562973Z",
                "url": null
              },
              "id": 1,
              "options": [
                {
                  "description": "Like",
                  "id": 0
                },
                {
                  "description": "Dislike",
                  "id": 1
                }
              ],
              "type": "match"
            }
          }
        ]
      },
      {
        "Name": "Rejoin",
        "Events": [
          {
            "EventName": "card",
            "Data": {
              "card": {
                "address": "Сытнинская ул., 4П, Санкт-Петербург",
                "description": "Лучший кофе у ИТМО от Стаса. Вкусные зумер-сендвичи и зумер-доги.",
                "id": 2,
                "images": [
                  "https://avatars.mds.yandex.net/get-altay/777564/2a0000018789d73e0d0447c04671d4f00971/XXXL"
                ],
                "location": {
                  "lat": 59.9606,
                  "lon": 30.2871
                },
                "priceAvg": 120,
                "reviewCount": 1000,
                "reviewRating": 4.6,
                "shortDescription": "Лучший кофе у ИТМО",
                "source": "manual",
                "tags": [
                  {
                    "icon": "cafe.png",
                    "id": 2,
                    "name": "cafe",
                    "order": 0,
                    "visible": true
                  },
                  {
                    "icon": "coffee.png",
                    "id": 3,
                    "name": "coffee",
                    "order": 0,
                    "visible": true
                  },
                  {
                    "icon": "food.png",
                    "id": 4,
                    "name": "food",
                    "order": 0,
                    "visible": true
                  }
                ],
                "title": "Zoomer Coffee",
                "updatedAt": "2025-01-19T22:53:21.562973Z",
                "url": null
              },
              "id": 2
            }
          },
          {
            "EventName": "voteAnnounce",
            "Data": {
              "id": 0,
              "options": [
                {
                  "description": "Finish",
                  "id": 2
                },
                {
                  "description": "Continue",
                  "id": 3
                }
              ],
              "type": "finish"
            }
          },
          {
            "EventName": "voteAnnounce",
            "Data": {
              "card": {
                "address": "Сытнинская ул., 4П, Санкт-Петербург",
                "description": "«Пловная» — это ресторан узбекской кухни, расположенный недалеко от Сытного рынка на Петроградской стороне. По словам посетителей, это одно из лучших мест в городе для тех, кто хочет попробовать настоящий узбекский плов.",
                "id": 1,
                "images": [
                  "https://avatars.mds.yandex.net/get-altay/10814540/2a0000018b5c49e5aa64362e66f0e493e1a9/XXXL"
                ],
                "location": {
                  "lat": 59.9505,
                  "lon": 30.2956
                },
                "priceAvg": 450,
                "reviewCount": 1000,
                "reviewRating": 4.5,
                "shortDescription": "Ресторан узбекской кухни",
                "source": "manual",
                "tags": [
                  {
                    "icon": "cafe.png",
                    "id": 2,
                    "name": "cafe",
                    "order": 0,
                    "visible": true
                  },
                  {
                    "icon": "food.png",
                    "id": 4,
                    "name": "food",
                    "order": 0,
                    "visible": true
                  }
                ],
                "title": "Пловная",
                "updatedAt": "2025-01-19T22:53:21.562973Z",
                "url": null
              },
              "id": 1,
              "options": [
                {
                  "description": "Like",
                  "id": 0
                },
                {
                  "description": "Dislike",
                  "id": 1
                }
              ],
              "type": "match"
            }
          },
          {
            "EventName": "settingsUpdate",
            "Data": {
              "location": {
                "lat": 59.956363,
                "lon": 30.310011
              },
              "maxDistance": 4000,
              "priceMax": 600,
              "priceMin": 0,
              "recommendation": null,
              "tags": [
                4
              ],
              "userId": ""
            }
          }
        ]
      }
    ]
  }
}
