{
  "user1": {
    "Steps": [
      {
        "Name": "User1 join lobby",
        "Events": [
          {
            "EventName": "userJoined",
            "Data": {
              "avatar": "avatar1",
              "id": "id1",
              "name": "user1"
            }
          },
          {
            "EventName": "settingsUpdate",
            "Data": {
              "maxDistance": 4000,
              "priceMax": 800,
              "priceMin": 200,
              "tags": [],
              "userId": ""
            }
          }
        ]
      },
      {
        "Name": "Settings update",
        "Events": [
          {
            "EventName": "settingsUpdate",
            "Data": {
              "maxDistance": 4000,
              "priceMax": 300,
              "priceMin": 300,
              "tags": [
                4
              ],
              "userId": "id1"
            }
          }
        ]
      },
      {
        "Name": "User2 join lobby",
        "Events": [
          {
            "EventName": "userJoined",
            "Data": {
              "avatar": "avatar2",
              "id": "id2",
              "name": "user2"
            }
          }
        ]
      },
      {
        "Name": "Start swipes",
        "Events": [
          {
            "EventName": "startSwipes",
            "Data": null
          },
          {
            "EventName": "card",
            "Data": {
              "card": {
                "address": "Сытнинская ул., 4П, Санкт-Петербург",
                "description": "«Пловная» — это ресторан узбекской кухни, расположенный недалеко от Сытного рынка на Петроградской стороне. По словам посетителей, это одно из лучших мест в городе для тех, кто хочет попробовать настоящий узбекский плов.",
                "id": 1,
                "image": [
                  "https://avatars.mds.yandex.net/get-altay/10814540/2a0000018b5c49e5aa64362e66f0e493e1a9/XXXL"
                ],
                "location": {
                  "lat": 59.9505,
                  "lon": 30.2956
                },
                "priceAvg": 450,
                "reviewCount": 1000,
                "reviewRating": 4.5,
                "shortDescription": "Ресторан узбекской кухни",
                "tags": [
                  {
                    "icon": "cafe.png",
                    "id": 2,
                    "name": "cafe"
                  },
                  {
                    "icon": "food.png",
                    "id": 4,
                    "name": "food"
                  }
                ],
                "title": "Пловная",
                "updatedAt": "2024-09-15T18:16:17.974476Z"
              },
              "id": 1
            }
          }
        ]
      },
      {
        "Name": "Swipe like and dislike",
        "Events": [
          {
            "EventName": "card",
            "Data": {
              "card": {
                "address": "Кронверкский проспект, 27",
                "description": "Вкусная сырная шаверма и не только",
                "id": 5,
                "image": [
                  "https://avatars.mds.yandex.net/get-altay/9691438/2a0000018bc3142dd6dbd390b6c8ba5736de/XXXL"
                ],
                "location": {
                  "lat": 59.9615,
                  "lon": 30.3124
                },
                "priceAvg": 320,
                "reviewCount": 1000,
                "reviewRating": 4.5,
                "shortDescription": "Вкусная шаверма",
                "tags": [
                  {
                    "icon": "cafe.png",
                    "id": 2,
                    "name": "cafe"
                  },
                  {
                    "icon": "food.png",
                    "id": 4,
                    "name": "food"
                  }
                ],
                "title": "Шавафель",
                "updatedAt": "2024-09-15T18:16:17.979971Z"
              },
              "id": 5
            }
          }
        ]
      },
      {
        "Name": "Swipe both likes",
        "Events": [
          {
            "EventName": "card",
            "Data": {
              "card": {
                "address": "Сытнинская ул., 4П, Санкт-Петербург",
                "description": "Лучший кофе у ИТМО от Стаса. Вкусные зумер-сендвичи и зумер-доги.",
                "id": 2,
                "image": [
                  "https://avatars.mds.yandex.net/get-altay/777564/2a0000018789d73e0d0447c04671d4f00971/XXXL"
                ],
                "location": {
                  "lat": 59.9606,
                  "lon": 30.2871
                },
                "priceAvg": 120,
                "reviewCount": 1000,
                "reviewRating": 4.6,
                "shortDescription": "Лучший кофе у ИТМО",
                "tags": [
                  {
                    "icon": "cafe.png",
                    "id": 2,
                    "name": "cafe"
                  },
                  {
                    "icon": "coffee.png",
                    "id": 3,
                    "name": "coffee"
                  },
                  {
                    "icon": "food.png",
                    "id": 4,
                    "name": "food"
                  }
                ],
                "title": "Zoomer Coffee",
                "updatedAt": "2024-09-15T18:16:17.976556Z"
              },
              "id": 2
            }
          },
          {
            "EventName": "match",
            "Data": {
              "card": {
                "address": "Кронверкский проспект, 27",
                "description": "Вкусная сырная шаверма и не только",
                "id": 5,
                "image": [
                  "https://avatars.mds.yandex.net/get-altay/9691438/2a0000018bc3142dd6dbd390b6c8ba5736de/XXXL"
                ],
                "location": {
                  "lat": 59.9615,
                  "lon": 30.3124
                },
                "priceAvg": 320,
                "reviewCount": 1000,
                "reviewRating": 4.5,
                "shortDescription": "Вкусная шаверма",
                "tags": [
                  {
                    "icon": "cafe.png",
                    "id": 2,
                    "name": "cafe"
                  },
                  {
                    "icon": "food.png",
                    "id": 4,
                    "name": "food"
                  }
                ],
                "title": "Шавафель",
                "updatedAt": "2024-09-15T18:16:17.979971Z"
              },
              "id": 0
            }
          }
        ]
      }
    ]
  },
  "user2": {
    "Steps": [
      {
        "Name": "User1 join lobby",
        "Events": []
      },
      {
        "Name": "Settings update",
        "Events": []
      },
      {
        "Name": "User2 join lobby",
        "Events": [
          {
            "EventName": "userJoined",
            "Data": {
              "avatar": "avatar1",
              "id": "id1",
              "name": "user1"
            }
          },
          {
            "EventName": "userJoined",
            "Data": {
              "avatar": "avatar2",
              "id": "id2",
              "name": "user2"
            }
          },
          {
            "EventName": "settingsUpdate",
            "Data": {
              "maxDistance": 4000,
              "priceMax": 600,
              "priceMin": 0,
              "tags": [
                4
              ],
              "userId": ""
            }
          }
        ]
      },
      {
        "Name": "Start swipes",
        "Events": [
          {
            "EventName": "startSwipes",
            "Data": null
          },
          {
            "EventName": "card",
            "Data": {
              "card": {
                "address": "Сытнинская ул., 4П, Санкт-Петербург",
                "description": "«Пловная» — это ресторан узбекской кухни, расположенный недалеко от Сытного рынка на Петроградской стороне. По словам посетителей, это одно из лучших мест в городе для тех, кто хочет попробовать настоящий узбекский плов.",
                "id": 1,
                "image": [
                  "https://avatars.mds.yandex.net/get-altay/10814540/2a0000018b5c49e5aa64362e66f0e493e1a9/XXXL"
                ],
                "location": {
                  "lat": 59.9505,
                  "lon": 30.2956
                },
                "priceAvg": 450,
                "reviewCount": 1000,
                "reviewRating": 4.5,
                "shortDescription": "Ресторан узбекской кухни",
                "tags": [
                  {
                    "icon": "cafe.png",
                    "id": 2,
                    "name": "cafe"
                  },
                  {
                    "icon": "food.png",
                    "id": 4,
                    "name": "food"
                  }
                ],
                "title": "Пловная",
                "updatedAt": "2024-09-15T18:16:17.974476Z"
              },
              "id": 1
            }
          }
        ]
      },
      {
        "Name": "Swipe like and dislike",
        "Events": [
          {
            "EventName": "card",
            "Data": {
              "card": {
                "address": "Кронверкский проспект, 27",
                "description": "Вкусная сырная шаверма и не только",
                "id": 5,
                "image": [
                  "https://avatars.mds.yandex.net/get-altay/9691438/2a0000018bc3142dd6dbd390b6c8ba5736de/XXXL"
                ],
                "location": {
                  "lat": 59.9615,
                  "lon": 30.3124
                },
                "priceAvg": 320,
                "reviewCount": 1000,
                "reviewRating": 4.5,
                "shortDescription": "Вкусная шаверма",
                "tags": [
                  {
                    "icon": "cafe.png",
                    "id": 2,
                    "name": "cafe"
                  },
                  {
                    "icon": "food.png",
                    "id": 4,
                    "name": "food"
                  }
                ],
                "title": "Шавафель",
                "updatedAt": "2024-09-15T18:16:17.979971Z"
              },
              "id": 5
            }
          }
        ]
      },
      {
        "Name": "Swipe both likes",
        "Events": [
          {
            "EventName": "match",
            "Data": {
              "card": {
                "address": "Кронверкский проспект, 27",
                "description": "Вкусная сырная шаверма и не только",
                "id": 5,
                "image": [
                  "https://avatars.mds.yandex.net/get-altay/9691438/2a0000018bc3142dd6dbd390b6c8ba5736de/XXXL"
                ],
                "location": {
                  "lat": 59.9615,
                  "lon": 30.3124
                },
                "priceAvg": 320,
                "reviewCount": 1000,
                "reviewRating": 4.5,
                "shortDescription": "Вкусная шаверма",
                "tags": [
                  {
                    "icon": "cafe.png",
                    "id": 2,
                    "name": "cafe"
                  },
                  {
                    "icon": "food.png",
                    "id": 4,
                    "name": "food"
                  }
                ],
                "title": "Шавафель",
                "updatedAt": "2024-09-15T18:16:17.979971Z"
              },
              "id": 0
            }
          },
          {
            "EventName": "card",
            "Data": {
              "card": {
                "address": "Сытнинская ул., 4П, Санкт-Петербург",
                "description": "Лучший кофе у ИТМО от Стаса. Вкусные зумер-сендвичи и зумер-доги.",
                "id": 2,
                "image": [
                  "https://avatars.mds.yandex.net/get-altay/777564/2a0000018789d73e0d0447c04671d4f00971/XXXL"
                ],
                "location": {
                  "lat": 59.9606,
                  "lon": 30.2871
                },
                "priceAvg": 120,
                "reviewCount": 1000,
                "reviewRating": 4.6,
                "shortDescription": "Лучший кофе у ИТМО",
                "tags": [
                  {
                    "icon": "cafe.png",
                    "id": 2,
                    "name": "cafe"
                  },
                  {
                    "icon": "coffee.png",
                    "id": 3,
                    "name": "coffee"
                  },
                  {
                    "icon": "food.png",
                    "id": 4,
                    "name": "food"
                  }
                ],
                "title": "Zoomer Coffee",
                "updatedAt": "2024-09-15T18:16:17.976556Z"
              },
              "id": 2
            }
          }
        ]
      }
    ]
  }
}
